// Jest Snapshot v1, https://goo.gl/fbAQLP

exports[`<Header /> renders and matches snapshot 1`] = `
<Fragment>
  <Navbar
    className="header__menu"
    expand="md"
    tag="header"
  >
    <NavbarBrand
      className="header__brand-logo"
      href="/"
      tag="a"
    >
      DotCMS - SPA
    </NavbarBrand>
    <Nav />
  </Navbar>
  <section
    className="header__extend"
  >
    <div
      className="header__overlay"
    />
    <div
      className="header__content"
    >
      <h2
        className="header__page-title"
      >
        Page Title
      </h2>
      <p
        className="header__breadcrumbs"
      >
        <Link
          replace={false}
          to={
            Object {
              "pathname": "/",
            }
          }
        >
          <span
            className="header__home-link"
          >
            Home
          </span>
        </Link>
        Page-Title
      </p>
    </div>
  </section>
</Fragment>
`;
