// Jest Snapshot v1, https://goo.gl/fbAQLP

exports[`<Header /> renders and matches snapshot 1`] = `
<Fragment>
  <Navbar
    className="header__menu container"
    expand="md"
    tag="header"
  >
    <NavbarBrand
      className="header__brand-logo"
      tag={[Function]}
      to="/"
    >
      DotCMS - SPA
    </NavbarBrand>
    <Nav />
  </Navbar>
  <section
    className="header__extend"
  >
    <div
      className="header__overlay"
    />
    <div
      className="header__content"
    >
      <Container
        tag="div"
      >
        <h2
          className="header__page-title"
        />
      </Container>
    </div>
  </section>
</Fragment>
`;
