// Jest Snapshot v1, https://goo.gl/fbAQLP

exports[`<NavDropDown /> renders NavOption correctly 1`] = `
<UncontrolledDropdown
  inNavbar={true}
  nav={true}
>
  <DropdownToggle
    aria-haspopup={true}
    caret={true}
    color="secondary"
    nav={true}
  >
    Resources
  </DropdownToggle>
  <DropdownMenu
    flip={true}
    right={true}
    tag="div"
  >
    <DropdownItem
      key="0"
      tag="button"
      toggle={true}
    >
      <NavOption
        item={
          Object {
            "folder": null,
            "hash": 4563,
            "href": "/videos",
            "title": "Videos",
            "type": "htmlpage",
          }
        }
      />
    </DropdownItem>
    <DropdownItem
      key="1"
      tag="button"
      toggle={true}
    >
      <NavOption
        item={
          Object {
            "folder": null,
            "hash": 1249,
            "href": "/blog",
            "title": "Blog",
            "type": "htmlpage",
          }
        }
      />
    </DropdownItem>
  </DropdownMenu>
</UncontrolledDropdown>
`;
