// Jest Snapshot v1, https://goo.gl/fbAQLP

exports[`<NavDropDown /> renders NavOption correctly 1`] = `
<UncontrolledDropdown
  inNavbar={true}
  nav={true}
>
  <DropdownToggle
    aria-haspopup={true}
    caret={true}
    className="nav-option"
    color="secondary"
    nav={true}
  >
    Resources
  </DropdownToggle>
  <DropdownMenu
    className="nav-dropdown"
    flip={true}
    right={true}
    tag="div"
  >
    <DropdownItem
      active={false}
      key="0"
      pathname="/videos"
      tag={[Function]}
      toggle={true}
    >
      Videos
    </DropdownItem>
    <DropdownItem
      active={false}
      key="1"
      pathname="/blog"
      tag={[Function]}
      toggle={true}
    >
      Blog
    </DropdownItem>
  </DropdownMenu>
</UncontrolledDropdown>
`;
